GrandParent legacy: Alex
Parent voice: Alex
Parent exclusive method
GrandParent legacy: Sam
Parent exclusive method
Child shout: Sam
Calling missing method:
Error: Method missing_method not found
Missing method result: nil
--- Multi-level Inheritance & Method Overriding ---
Overridden in Sub
Middle class
--- Missing Method Call ---
Error: Method non_existent_method not found
--- Multi-level Inheritance & Overriding ---
g.get_val(): 100
g.describe(): Child val: 100
g.extra(): GrandChild extra feature
--- Missing Property / Method Access ---
b.val: 42
b.missing_prop == nil: true
b.missing_method == nil: true
--- Base class ---
Base greeting
I am Base
--- Child class (inherited + overridden) ---
Base greeting
I am Child
--- GrandChild class (multi-level inheritance) ---
Base greeting
I am Child
GrandChild extra
Child msg: Child
Child parent_msg: Parent
Missing method:
Error: Method unknown_method not found
--- Multi-level class inheritance & overriding ---
Generic makes a generic sound
Living Being
Buddy (Golden) barks
Living Being
Max (Beagle) barks
Living Being
Max yips loudly!
--- Instance property access ---
Puppy name: Max
Puppy breed: Beagle
--- Base class instance ---
Base val: 10
Base id: Base
--- Child class instance (overrides & inherited init) ---
Child val: 30
Child id: Child
--- Grandchild instance (multi-level inheritance) ---
Grandchild val: 40
Grandchild id: Child
Grandchild extra: extra_20
