--- Try block with no exceptions ---
Inside clean try, status = OK
After clean try block
--- Raising primitive values ---
Caught int exception: 404
Caught bool exception: false
Caught nil exception: nil
--- Nested try re-raise with array ---
Inner caught array: <array>
Outer caught re-raised: <array>
--- Clean Try Block ---
normal execution without raise
after try
--- Primitive Raises ---
caught int: 404
caught bool: false
caught nil: true
--- Collection Raise ---
caught array len: 3
--- Nested Try and Re-raise ---
caught inner: inner error
caught re-raise: outer error
--- Clean try block ---
Inside clean try
After clean try
--- Raising primitive values ---
Caught int: 404
Caught bool: false
Caught nil == nil: true
--- Nested try with array exception ---
Inner caught array len: 2
Outer caught array code: 500
--- Clean try block execution ---
Inside clean try
After clean try
--- Raising primitive values ---
Caught number exception: 404
Caught bool exception: false
Caught nil exception: nil
--- Nested try-catch blocks ---
Outer try start
Inner try start
Inner catch: <array>
Outer catch: <array>
--- Done exception tests ---
