--- Try block with no exceptions ---
Inside clean try, status = OK
After clean try block
--- Raising primitive values ---
Caught int exception: 404
Caught bool exception: false
Caught nil exception: nil
--- Nested try re-raise with array ---
Inner caught array: <array>
Outer caught re-raised: <array>
--- Clean Try Block ---
normal execution without raise
after try
--- Primitive Raises ---
caught int: 404
caught bool: false
caught nil: true
--- Collection Raise ---
caught array len: 3
--- Nested Try and Re-raise ---
caught inner: inner error
caught re-raise: outer error
--- Clean try block ---
Inside clean try
After clean try
--- Raising primitive values ---
Caught int: 404
Caught bool: false
Caught nil == nil: true
--- Nested try with array exception ---
Inner caught array len: 2
Outer caught array code: 500
--- Clean try block execution ---
Inside clean try
After clean try
--- Raising primitive values ---
Caught number exception: 404
Caught bool exception: false
Caught nil exception: nil
--- Nested try-catch blocks ---
Outer try start
Inner try start
Inner catch: <array>
Outer catch: <array>
--- Done exception tests ---
--- Try without exception ---
Clean execution: 200
--- Catch primitive values ---
Caught code: 404
Caught bool: false
Caught nil: true
--- Nested try and re-raise ---
Inner caught array len: 2
Outer caught re-raised: error
--- Clean try block completion ---
Inside clean try block
After clean try block
--- Raising primitive values ---
Caught integer exception: 404
Caught boolean exception: false
Caught nil exception: true
--- Raising structured array exception ---
Caught array exception code: ERR_OOB id: 101 msg: Index out of range
--- Re-raising primitive across nested try blocks ---
Inner catch got: 99
Outer catch got re-raised: 99
Done exception edge tests
--- Clean Try Execution ---
Clean execution val: 100
--- Primitive Exceptions ---
Caught int: 404
Caught bool: false
Caught nil: nil
--- Nested Re-raising Array Exception ---
Inner caught len: 3
Outer caught len: 3
