--- Standard 2x2 Matrix ---
[
  [1, 2]
  [3, 4]
]
--- Rectangular 2x3 Matrix ---
[
  [10, 20, 30]
  [40, 50, 60]
]
--- 1D Array as Vector Matrix ---
[
  5
  10
  15
]
--- Empty Array Matrix ---
[
]
--- Mixed String/Number Matrix ---
[
  [a, 1]
  [2, b]
]
--- Nil Parameter Input ---
Error: math.printm() expects an array