--- Factorial ---
fact(0): 1
fact(1): 1
fact(5): 120
fact(7): 5040
--- Fibonacci ---
fib(0): 0
fib(1): 1
fib(6): 8
fib(10): 55
--- Mutual Recursion ---
is_even(0): true
is_even(4): true
is_even(7): false
is_odd(0): false
is_odd(5): true
is_odd(-3): true
--- Accumulator Recursion ---
sum_acc(0, 0): 0
sum_acc(10, 0): 55